// Jest Snapshot v1, https://goo.gl/fbAQLP

exports[`renders correctly 1`] = `
<Done>
  <div>
    Done
  </div>
</Done>
`;
